person-name-firstname,person-name-lastname,person-email,birthday
Adolph,McCullough,adolph.mccullough@yahoo.com,1994-05-30
Sebastian,Harvey,sebastian.harvey@yahoo.com,1927-10-02
Norris,Douglas,norris.douglas@hotmail.com,1994-08-12
