Users:
    User_1:
        person:
            name:
                firstname: Adolph
                lastname: McCullough
            email: adolph.mccullough@yahoo.com
        birthday: '1994-05-30'
    User_2:
        person:
            name:
                firstname: Sebastian
                lastname: Harvey
            email: sebastian.harvey@yahoo.com
        birthday: '1927-10-02'
    User_3:
        person:
            name:
                firstname: Norris
                lastname: Douglas
            email: norris.douglas@hotmail.com
        birthday: '1994-08-12'
